Γû▓ Next.js 16.1.6 (Turbopack)
- Environments: .env.local

  Creating an optimized production build ...
node.exe : Error: Cannot 
apply unknown utility 
class `text-slate-800`. 
Are you using CSS modules 
or similar and missing 
`@reference`? https://tail
windcss.com/docs/functions
-and-directives#reference-
directive
At line:1 char:1
+ & "C:\Program 
Files\nodejs/node.exe" 
"C:\Program 
Files\nodejs/node_mo ...
+ ~~~~~~~~~~~~~~~~~~~~~~~~
~~~~~~~~~~~~~~~~~~~~~~~~~~
~~~~~~~~~~~~~~~~~~~
    + CategoryInfo        
      : NotSpecified: (E  
  rror: Cannot a...renc   
 e-directive:String) [    
], RemoteException
    + FullyQualifiedError 
   Id : NativeCommandErr  
  or
 
    [2m[at 
onInvalidCandidate 
(C:\Users\jmaje\Website 
development\Kids Portal\ki
ds-portal\node_modules\tai
lwindcss\dist\lib.js:21:13
14)][0m
    [2m[at Ee 
(C:\Users\jmaje\Website 
development\Kids Portal\ki
ds-portal\node_modules\tai
lwindcss\dist\lib.js:16:37
066)][0m
    [2m[at 
C:\Users\jmaje\Website 
development\Kids Portal\ki
ds-portal\node_modules\tai
lwindcss\dist\lib.js:21:35
5][0m
    [2m[at Pr 
(C:\Users\jmaje\Website 
development\Kids Portal\ki
ds-portal\node_modules\tai
lwindcss\dist\lib.js:3:173
3)][0m
    [2m[at _ 
(C:\Users\jmaje\Website 
development\Kids Portal\ki
ds-portal\node_modules\tai
lwindcss\dist\lib.js:3:137
7)][0m
    [2m[at Te 
(C:\Users\jmaje\Website 
development\Kids Portal\ki
ds-portal\node_modules\tai
lwindcss\dist\lib.js:21:17
2)][0m
    [2m[at pn 
(C:\Users\jmaje\Website 
development\Kids Portal\ki
ds-portal\node_modules\tai
lwindcss\dist\lib.js:38:29
4)][0m
    [2m[at process.proces
sTicksAndRejections (node:
internal/process/task_queu
es:104:5)][0m
    [2m[at async dn 
(C:\Users\jmaje\Website 
development\Kids Portal\ki
ds-portal\node_modules\tai
lwindcss\dist\lib.js:38:63
1)][0m
    [2m[at async Xr 
(C:\Users\jmaje\Website 
development\Kids Portal\ki
ds-portal\node_modules\@ta
ilwindcss\node\dist\index.
js:10:3417)][0m

> Build error occurred
Error: Turbopack build 
failed with 1 errors:
./src/app/globals.css
Error evaluating Node.js 
code
CssSyntaxError: 
tailwindcss: 
C:\Users\jmaje\Website 
development\Kids Portal\ki
ds-portal\src\app\globals.
css:1:1: Cannot apply 
unknown utility class 
`text-slate-800`. Are you 
using CSS modules or 
similar and missing 
`@reference`? https://tail
windcss.com/docs/functions
-and-directives#reference-
directive
    at Input.error (node_m
odules/postcss/lib/input.j
s:135:16) 
[C:\Users\jmaje\Website 
development\Kids Portal\ki
ds-portal\.next\build\chun
ks\node_modules_fe693df6._
.js:4651:22]
    at Root.error (node_mo
dules/postcss/lib/node.js:
146:32) 
[C:\Users\jmaje\Website 
development\Kids Portal\ki
ds-portal\.next\build\chun
ks\node_modules_fe693df6._
.js:928:38]
    [at Object.Once 
(C:\Users\jmaje\Website 
development\Kids Portal\ki
ds-portal\node_modules\@ta
ilwindcss\postcss\dist\ind
ex.js:10:6913)]
    [at process.processTic
ksAndRejections (node:inte
rnal/process/task_queues:1
04:5)]
    at async 
LazyResult.runAsync (node_
modules/postcss/lib/lazy-r
esult.js:293:11) 
[C:\Users\jmaje\Website 
development\Kids Portal\ki
ds-portal\.next\build\chun
ks\node_modules_fe693df6._
.js:6214:21]
    at async transform (tu
rbopack:///[turbopack-node
]/transforms/postcss.ts:70
:34) 
[C:\Users\jmaje\Website 
development\Kids Portal\ki
ds-portal\.next\build\chun
ks\[root-of-the-server]__5
1225daf._.js:146:36]
    at async run (turbopac
k:///[turbopack-node]/ipc/
evaluate.ts:92:23) 
[C:\Users\jmaje\Website 
development\Kids Portal\ki
ds-portal\.next\build\chun
ks\[root-of-the-server]__9
74941ed._.js:443:31]

Import trace:
  Client Component 
Browser:
    ./src/app/globals.css 
[Client Component Browser]
    ./src/app/layout.tsx 
[Server Component]


    at async transform (tu
rbopack:///[turbopack-node
]/transforms/postcss.ts:70
:34) 
[C:\Users\jmaje\Website 
development\Kids Portal\ki
ds-portal\.next\build\chun
ks\[root-of-the-server]__5
1225daf._.js:146:36])
    at async run (turbopac
k:///[turbopack-node]/ipc/
evaluate.ts:92:23) 
[C:\Users\jmaje\Website 
development\Kids Portal\ki
ds-portal\.next\build\chun
ks\[root-of-the-server]__9
74941ed._.js:443:31])
